≡ƒÜÇ Starting Manual Execution Test...
≡ƒæñ Testing with User: 0xe412d04da2a211f7adc80311cc0ff9f03440b64e
≡ƒÆ│ Smart Wallet: 0x2ECA994e6f8fb0663039C14df63AB88CBb3C0750
≡ƒöä Attempting to SWAP 0.001 MNT -> USDC...
≡ƒöù [SMART WALLET] Init swap for 0xe412d04da2a211f7adc80311cc0ff9f03440b64e | SELL 0.001 MNT
   ≡ƒôì Wallet: 0x2ECA994e6f8fb0663039C14df63AB88CBb3C0750
   ≡ƒöä Swap Path: 0x67A1f4A939b477A6b7c5BF94D97E45dE87E608eF -> 0xAcab8129E2cE587fD203FD770ec9ECAFA2C88080 | Amt: 1000000000000000
   ≡ƒÄü Wrapping MNT before swap...
node.exe : Γ¥î Smart Wallet Execution Failed: 
Error: insufficient funds for intrinsic 
transaction cost (transaction="0x02f9011482138b8
20320830186a0840263e0a0840a0d8ab6942eca994e6f8fb
0663039c14df63ab88cbb3c075080b8a49e5d4c490000000
0000000000000000067a1f4a939b477a6b7c5bf94d97e45d
e87e608ef000000000000000000000000000000000000000
00000000000038d7ea4c6800000000000000000000000000
000000000000000000000000000000000000000600000000
000000000000000000000000000000000000000000000000
000000004d0e30db00000000000000000000000000000000
0000000000000000000000000c001a05ccd9179ed3fa60f6
5b93816b3d1a4d3cdb5aa72d541652c012c639a10237485a
07172827a0c4bab467da6572331d2bcd99773fcab320b6f5
616e078bd02ca4e86", info={ "error": { "code": 
-32003, "data": { "cause": { "cause": { "code": 
"ErrJsonRpcExceptionInternal", "details": { 
"data": null, "headers": { "content-length": 
"225", "content-type": "application/json", 
"date": "Sun, 04 Jan 2026 07:23:22 GMT", 
"x-proxyd-cache-status": "MISS" }, 
"normalizedCode": -32003, "originalCode": 
-32000, "statusCode": 200 }, "message": "failed 
to forward tx to sequencer, err: 'insufficient 
funds for gas * price + value: balance 
276463440000000, tx cost 6763251483800000, 
overshot 6486788043800000'" }, "code": 
"ErrEndpointExecutionException", "details": { 
"retryableTowardNetwork": false }, "message": 
"execution exception on node" }, "code": 
"ErrUpstreamRequest", "details": { "attempts": 
1, "durationMs": 4, "hedges": 0, "method": 
"eth_sendRawTransaction", "networkId": 
"evm:5003", "retries": 0, "upstreamId": 
"mantle-op-geth-rpc2-1" }, "message": "failed 
to make request to upstream" }, "message": 
"failed to forward tx to sequencer, err: 
'insufficient funds for gas * price + value: 
balance 276463440000000, tx cost 
6763251483800000, overshot 6486788043800000'" } 
}, code=INSUFFICIENT_FUNDS, version=6.16.0)
At C:\Program Files\nodejs\npx.ps1:29 char:3
+   & $NODE_EXE $NPX_CLI_JS $args
+   ~~~~~~~~~~~~~~~~~~~~~~~~~~~~~
    + CategoryInfo          : NotSpecified: (Γ¥ 
   î Smart Walle...version=6.16.0):String) [],  
   RemoteException
    + FullyQualifiedErrorId : NativeCommandErro 
   r
 
    at makeError (D:\Download\hackathon15-1\back
end\node_modules\ethers\src.ts\utils\errors.ts:6
98:21)
    at JsonRpcProvider.getRpcError (D:\Download\
hackathon15-1\backend\node_modules\ethers\src.ts
\providers\provider-jsonrpc.ts:1052:33)
    at <anonymous> (D:\Download\hackathon15-1\ba
ckend\node_modules\ethers\src.ts\providers\provi
der-jsonrpc.ts:571:45)
    at process.processTicksAndRejections 
(node:internal/process/task_queues:105:5) {
  code: 'INSUFFICIENT_FUNDS',
  transaction: '0x02f9011482138b820320830186a084
0263e0a0840a0d8ab6942eca994e6f8fb0663039c14df63a
b88cbb3c075080b8a49e5d4c490000000000000000000000
0067a1f4a939b477a6b7c5bf94d97e45de87e608ef000000
00000000000000000000000000000000000000000000038d
7ea4c6800000000000000000000000000000000000000000
000000000000000000000000600000000000000000000000
000000000000000000000000000000000000000004d0e30d
b00000000000000000000000000000000000000000000000
0000000000c001a05ccd9179ed3fa60f65b93816b3d1a4d3
cdb5aa72d541652c012c639a10237485a07172827a0c4bab
467da6572331d2bcd99773fcab320b6f5616e078bd02ca4e
86',
  info: {
    error: {
      code: -32003,
      message: "failed to forward tx to 
sequencer, err: 'insufficient funds for gas * 
price + value: balance 276463440000000, tx cost 
6763251483800000, overshot 6486788043800000'",
      data: [Object]
    }
  },
  shortMessage: 'insufficient funds for 
intrinsic transaction cost'
}
Γ¥î Execution Failed: Error: insufficient funds 
for intrinsic transaction cost (transaction="0x0
2f9011482138b820320830186a0840263e0a0840a0d8ab69
42eca994e6f8fb0663039c14df63ab88cbb3c075080b8a49
e5d4c4900000000000000000000000067a1f4a939b477a6b
7c5bf94d97e45de87e608ef0000000000000000000000000
0000000000000000000000000038d7ea4c68000000000000
000000000000000000000000000000000000000000000000
000006000000000000000000000000000000000000000000
00000000000000000000004d0e30db000000000000000000
000000000000000000000000000000000000000c001a05cc
d9179ed3fa60f65b93816b3d1a4d3cdb5aa72d541652c012
c639a10237485a07172827a0c4bab467da6572331d2bcd99
773fcab320b6f5616e078bd02ca4e86", info={ 
"error": { "code": -32003, "data": { "cause": { 
"cause": { "code": 
"ErrJsonRpcExceptionInternal", "details": { 
"data": null, "headers": { "content-length": 
"225", "content-type": "application/json", 
"date": "Sun, 04 Jan 2026 07:23:22 GMT", 
"x-proxyd-cache-status": "MISS" }, 
"normalizedCode": -32003, "originalCode": 
-32000, "statusCode": 200 }, "message": "failed 
to forward tx to sequencer, err: 'insufficient 
funds for gas * price + value: balance 
276463440000000, tx cost 6763251483800000, 
overshot 6486788043800000'" }, "code": 
"ErrEndpointExecutionException", "details": { 
"retryableTowardNetwork": false }, "message": 
"execution exception on node" }, "code": 
"ErrUpstreamRequest", "details": { "attempts": 
1, "durationMs": 4, "hedges": 0, "method": 
"eth_sendRawTransaction", "networkId": 
"evm:5003", "retries": 0, "upstreamId": 
"mantle-op-geth-rpc2-1" }, "message": "failed 
to make request to upstream" }, "message": 
"failed to forward tx to sequencer, err: 
'insufficient funds for gas * price + value: 
balance 276463440000000, tx cost 
6763251483800000, overshot 6486788043800000'" } 
}, code=INSUFFICIENT_FUNDS, version=6.16.0)
    at executeSwap (D:\Download\hackathon15-1\ba
ckend\src\services\blockchain.ts:169:15)
    at process.processTicksAndRejections 
(node:internal/process/task_queues:105:5)
    at async main (D:\Download\hackathon15-1\bac
kend\test_execution_direct.ts:37:24)
